src/modules/kinematics/physics-engine.ts(115,17): error TS2323: Cannot redeclare exported variable 'getAnalyticalTimeOfFlight'.
src/modules/kinematics/physics-engine.ts(115,17): error TS2393: Duplicate function implementation.
src/modules/kinematics/physics-engine.ts(146,17): error TS2323: Cannot redeclare exported variable 'getAnalyticalTimeOfFlight'.
src/modules/kinematics/physics-engine.ts(146,17): error TS2393: Duplicate function implementation.
